%!Adobe-FontList 1.13
%Locale:0x1009

%BeginFont
Handler:DirectoryHandler
FontType:Invalid
OutlineFileName:C:\roshanak\floralgraphix\Font\fontello.eot
FileModTime:1375961160
%EndFont

%BeginFont
Handler:DirectoryHandler
FontType:Invalid
OutlineFileName:C:\roshanak\floralgraphix\Font\fontello.svg
FileModTime:1375961160
%EndFont

%BeginFont
Handler:DirectoryHandler
FontType:TrueType
FontName:fontello-Regular
FamilyName:fontello
StyleName:Regular
FullName:fontello
MenuName:fontello
StyleBits:0
WritingScript:Roman
OutlineFileName:C:\roshanak\floralgraphix\Font\fontello.ttf
DataFormat:sfntData
FileLength:6192
FileModTime:1375961160
WeightClass:400
WidthClass:5
AngleClass:0
%EndFont

%BeginFont
Handler:DirectoryHandler
FontType:Invalid
OutlineFileName:C:\roshanak\floralgraphix\Font\fontello.woff
FileModTime:1375961160
%EndFont

%BeginFont
Handler:DirectoryHandler
FontType:Invalid
OutlineFileName:C:\roshanak\floralgraphix\Font\_notes\dwsync.xml
FileModTime:1396568493
%EndFont

%BeginFont
Handler:DirectoryHandler
FontType:Invalid
OutlineFileName:C:\roshanak\floralgraphix\Font\old\fontello.eot
FileModTime:1375451317
%EndFont

%BeginFont
Handler:DirectoryHandler
FontType:Invalid
OutlineFileName:C:\roshanak\floralgraphix\Font\old\fontello.svg
FileModTime:1375451316
%EndFont

%BeginFont
Handler:DirectoryHandler
FontType:TrueType
FontName:fontello
FamilyName:fontello
StyleName:Regular
FullName:fontello
MenuName:fontello
StyleBits:0
WritingScript:Roman
OutlineFileName:C:\roshanak\floralgraphix\Font\old\fontello.ttf
DataFormat:sfntData
FileLength:584000
FileModTime:1375451317
WeightClass:400
WidthClass:5
AngleClass:0
%EndFont

%BeginFont
Handler:DirectoryHandler
FontType:Invalid
OutlineFileName:C:\roshanak\floralgraphix\Font\old\fontello.woff
FileModTime:1375451317
%EndFont

%BeginFont
Handler:DirectoryHandler
FontType:Invalid
OutlineFileName:C:\roshanak\floralgraphix\Font\old\_notes\dwsync.xml
FileModTime:1396568492
%EndFont

